// Jest Snapshot v1, https://goo.gl/fbAQLP

exports[`Maps components Gmap snapshot 1`] = `[Function]`;
