// Jest Snapshot v1, https://goo.gl/fbAQLP

exports[`NavbarSearch component snapshot 1`] = `[Function]`;
