// Jest Snapshot v1, https://goo.gl/fbAQLP

exports[`ClientTracking component snapshot renders 1`] = `
<div
  className="main-content-container px-4 container-fluid"
>
  <div
    className="page-header py-4 no-gutters row"
  >
    <div
      className="text-sm-left mb-3 col-sm-12 text-center text-md-left mb-sm-0 col-12 col-sm-4"
    >
      <span
        className="text-uppercase page-subtitle"
      >
        Clientes
      </span>
      <h3
        className="page-title"
      >
        Tracking
      </h3>
    </div>
  </div>
  <div
    className="py-4 no-gutters row"
  >
    <div
      className="mx-auto w-100 mb-4 card card-small"
    >
      <div
        className="mt-3 card-header"
      >
        <div
          className="row"
        >
          <div
            className="col"
          >
            <form
              className="main-navbar__search w-100 d-none d-md-flex d-lg-flex"
              onSubmit={[Function]}
            >
              <div
                className="input-group input-group-seamless"
              >
                <div
                  className="input-group-prepend"
                >
                  <span
                    className="input-group-text"
                  >
                    <i
                      className="material-icons"
                    >
                      search
                    </i>
                  </span>
                </div>
                <input
                  className="navbar-search search_box form-control"
                  disabled={false}
                  id="search-input"
                  placeholder="Buscar clientes por email..."
                />
              </div>
            </form>
          </div>
          <div
            className="col"
          >
            <form
              className="add-new-post"
            >
              <select
                className="form-control custom-select"
                defaultValue="default"
                disabled={true}
                id="feInputState"
                onChange={[Function]}
              >
                <option
                  disabled={true}
                  value="default"
                >
                  Elija un veh√≠culo...
                </option>
              </select>
            </form>
          </div>
        </div>
      </div>
      <div
        className="card-body"
      >
        <div
          style={
            Object {
              "height": "100%",
            }
          }
        />
      </div>
    </div>
  </div>
</div>
`;
