// Jest Snapshot v1, https://goo.gl/fbAQLP

exports[`ResetPassword component snapshot renders 1`] = `
<div
  className="main-content-container px-4 h-100 container-fluid"
>
  <div
    className="row"
  >
    <div
      className="spinner-border text-primary"
    />
  </div>
</div>
`;
